Buildfile: /tmp/dspace-installer-T6g2ew/build.xml

init_installation:
    [mkdir] Created dir: /tmp/backend-install-check-9TPKDk/dspace/bin
    [mkdir] Created dir: /tmp/backend-install-check-9TPKDk/dspace/config
    [mkdir] Created dir: /tmp/backend-install-check-9TPKDk/dspace/lib
    [mkdir] Created dir: /tmp/backend-install-check-9TPKDk/dspace/webapps
    [mkdir] Created dir: /tmp/backend-install-check-9TPKDk/dspace/triplestore
    [mkdir] Created dir: /tmp/backend-install-check-9TPKDk/dspace/exports
    [mkdir] Created dir: /tmp/backend-install-check-9TPKDk/dspace/exports/download
    [mkdir] Created dir: /tmp/backend-install-check-9TPKDk/dspace/handle-server
    [mkdir] Created dir: /tmp/backend-install-check-9TPKDk/dspace/log
    [mkdir] Created dir: /tmp/backend-install-check-9TPKDk/dspace/upload
    [mkdir] Created dir: /tmp/backend-install-check-9TPKDk/dspace/reports
    [mkdir] Created dir: /tmp/backend-install-check-9TPKDk/dspace/solr
    [mkdir] Created dir: /tmp/backend-install-check-9TPKDk/dspace/var
    [mkdir] Created dir: /tmp/backend-install-check-9TPKDk/dspace/var/oai

init_installation:

prepare_configs:
    [mkdir] Created dir: /tmp/dspace-installer-T6g2ew/config-temp
     [copy] Copying 229 files to /tmp/dspace-installer-T6g2ew/config-temp
     [copy] Copying 1 file to /tmp/dspace-installer-T6g2ew/config-temp
     [copy] Copying 1 file to /tmp/dspace-installer-T6g2ew/config-temp
     [copy] Copying 16 files to /tmp/dspace-installer-T6g2ew/config-temp

init_configs:
     [copy] Copying 231 files to /tmp/backend-install-check-9TPKDk/dspace/config
   [delete] Deleting directory /tmp/dspace-installer-T6g2ew/config-temp
     [copy] Copying 1 file to /tmp/backend-install-check-9TPKDk/dspace/config

init_installation:

prepare_configs:
    [mkdir] Created dir: /tmp/dspace-installer-T6g2ew/config-temp
     [copy] Copying 229 files to /tmp/dspace-installer-T6g2ew/config-temp
     [copy] Copying 1 file to /tmp/dspace-installer-T6g2ew/config-temp
     [copy] Copying 16 files to /tmp/dspace-installer-T6g2ew/config-temp

init_configs:
   [delete] Deleting directory /tmp/dspace-installer-T6g2ew/config-temp

install_code:
     [copy] Copying 6 files to /tmp/backend-install-check-9TPKDk/dspace/bin
     [copy] Copying 315 files to /tmp/backend-install-check-9TPKDk/dspace/lib
     [copy] Copying 24 files to /tmp/backend-install-check-9TPKDk/dspace/solr
     [echo] 
     [echo] ====================================================================
     [echo]  The DSpace code has been installed.
     [echo] ====================================================================
     [echo]         

copy_webapps:
     [copy] Copying 1210 files to /tmp/backend-install-check-9TPKDk/dspace/webapps
     [copy] Copying 1 file to /tmp/backend-install-check-9TPKDk/dspace/webapps

build_webapps_wars:

BUILD SUCCESSFUL
Total time: 2 seconds
Installed in /tmp/backend-install-check-9TPKDk. Configure dspace/config/local.cfg before migrate/start.
PASS: direct Java/Ant installation, external Tomcat context and existing-state protection.
