[INFO] Scanning for projects...
[INFO] ------------------------------------------------------------------------
[INFO] Reactor Build Order:
[INFO] 
[INFO] DSpace Parent Project                                              [pom]
[INFO] DSpace Services Framework :: API and Implementation                [jar]
[INFO] DSpace Kernel :: API and Implementation                            [jar]
[INFO] DSpace Addon Modules                                               [pom]
[INFO] DSpace Kernel :: Additions and Local Customizations                [jar]
[INFO] DSpace IIIF                                                        [jar]
[INFO] DSpace OAI-PMH                                                     [jar]
[INFO] DSpace RDF                                                         [jar]
[INFO] DSpace SWORD                                                       [jar]
[INFO] DSpace SWORD v2                                                    [jar]
[INFO] DSpace Server Webapp                                               [war]
[INFO] DSpace Server Webapp:: Local Customizations                        [war]
[INFO] DSpace Assembly and Configuration                                  [pom]
[INFO] 
[INFO] ----------------------< org.dspace:dspace-parent >----------------------
[INFO] Building DSpace Parent Project 7.6.7                              [1/13]
[INFO]   from pom.xml
[INFO] --------------------------------[ pom ]---------------------------------
[WARNING] The POM for org.apache.maven.plugins:maven-clean-plugin:jar:3.5.0 is missing, no dependency information available
[INFO] ------------------------------------------------------------------------
[INFO] Reactor Summary for DSpace Parent Project 7.6.7:
[INFO] 
[INFO] DSpace Parent Project .............................. FAILURE [  0.045 s]
[INFO] DSpace Services Framework :: API and Implementation  SKIPPED
[INFO] DSpace Kernel :: API and Implementation ............ SKIPPED
[INFO] DSpace Addon Modules ............................... SKIPPED
[INFO] DSpace Kernel :: Additions and Local Customizations  SKIPPED
[INFO] DSpace IIIF ........................................ SKIPPED
[INFO] DSpace OAI-PMH ..................................... SKIPPED
[INFO] DSpace RDF ......................................... SKIPPED
[INFO] DSpace SWORD ....................................... SKIPPED
[INFO] DSpace SWORD v2 .................................... SKIPPED
[INFO] DSpace Server Webapp ............................... SKIPPED
[INFO] DSpace Server Webapp:: Local Customizations ........ SKIPPED
[INFO] DSpace Assembly and Configuration .................. SKIPPED
[INFO] ------------------------------------------------------------------------
[INFO] BUILD FAILURE
[INFO] ------------------------------------------------------------------------
[INFO] Total time:  0.513 s
[INFO] Finished at: 2026-09-08T16:09:18+08:00
[INFO] ------------------------------------------------------------------------
[ERROR] Plugin org.apache.maven.plugins:maven-clean-plugin:3.5.0 or one of its dependencies could not be resolved:
[ERROR] 	Cannot access central (https://repo.maven.apache.org/maven2) in offline mode and the artifact org.apache.maven.plugins:maven-clean-plugin:jar:3.5.0 has not been downloaded from it before.
[ERROR] -> [Help 1]
[ERROR] 
[ERROR] To see the full stack trace of the errors, re-run Maven with the -e switch.
[ERROR] Re-run Maven using the -X switch to enable full debug logging.
[ERROR] 
[ERROR] For more information about the errors and possible solutions, please read the following articles:
[ERROR] [Help 1] http://cwiki.apache.org/confluence/display/MAVEN/PluginResolutionException
java exited with 1
